../Core/Src/main.c:87:6:Motor_driver	16	static
../Core/Src/main.c:107:6:Program_Run_Load	8	static
../Core/Src/main.c:137:6:Program_Run_UnLoad	8	static
../Core/Src/main.c:168:6:Program_Stop	8	static
../Core/Src/main.c:179:5:main	8	static
../Core/Src/main.c:263:6:SystemClock_Config	72	static
../Core/Src/main.c:303:13:MX_GPIO_Init	40	static
../Core/Src/main.c:390:6:StartDefaultTask	16	static
../Core/Src/main.c:422:6:StartTask02	16	static
../Core/Src/main.c:454:6:HAL_TIM_PeriodElapsedCallback	16	static
../Core/Src/main.c:471:6:Error_Handler	4	static,ignoring_inline_asm
